

Fri Dec 16 23:32:47 2022
Command line: TestDisk

TestDisk 7.1, Data Recovery Utility, July 2019
Christophe GRENIER <grenier@cgsecurity.org>
https://www.cgsecurity.org
OS: Linux, kernel 5.15.0-56-generic (#62-Ubuntu SMP Tue Nov 22 19:54:14 UTC 2022) x86_64
Compiler: GCC 11.2
ext2fs lib: 1.46.5, ntfs lib: libntfs-3g, reiserfs lib: none, ewf lib: none, curses lib: ncurses 6.3
User is not root!
Hard disk list


TestDisk exited normally.
Using locale 'LC_CTYPE=en_US.UTF-8;LC_NUMERIC=ja_JP.UTF-8;LC_TIME=ja_JP.UTF-8;LC_COLLATE=en_US.UTF-8;LC_MONETARY=ja_JP.UTF-8;LC_MESSAGES=en_US.UTF-8;LC_PAPER=ja_JP.UTF-8;LC_NAME=ja_JP.UTF-8;LC_ADDRESS=ja_JP.UTF-8;LC_TELEPHONE=ja_JP.UTF-8;LC_MEASUREMENT=ja_JP.UTF-8;LC_IDENTIFICATION=ja_JP.UTF-8'.


Fri Dec 16 23:32:50 2022
Command line: TestDisk /debug

TestDisk 7.1, Data Recovery Utility, July 2019
Christophe GRENIER <grenier@cgsecurity.org>
https://www.cgsecurity.org
OS: Linux, kernel 5.15.0-56-generic (#62-Ubuntu SMP Tue Nov 22 19:54:14 UTC 2022) x86_64
Compiler: GCC 11.2
ext2fs lib: 1.46.5, ntfs lib: libntfs-3g, reiserfs lib: none, ewf lib: none, curses lib: ncurses 6.3
/dev/sda: LBA, LBA48 support
/dev/sda: size       937703088 sectors
/dev/sda: user_max   937703088 sectors
Warning: can't get size for Disk /dev/mapper/control - 0 B - 0 sectors, sector size=512
Warning: can't get size for Disk /dev/loop17 - 0 B - 0 sectors (RO), sector size=512
Hard disk list
Disk /dev/sda - 480 GB / 447 GiB - CHS 58369 255 63, sector size=512 - CT480BX500SSD1, S/N:2041E4B68DEB, FW:M6CR041
Disk /dev/loop0 - 4096 B - 8 sectors (RO), sector size=512
Disk /dev/loop1 - 298 MB / 284 MiB - 583544 sectors (RO), sector size=512
Disk /dev/loop10 - 363 MB / 346 MiB - 709280 sectors (RO), sector size=512
Disk /dev/loop11 - 260 MB / 248 MiB - 509456 sectors (RO), sector size=512
Disk /dev/loop12 - 85 MB / 81 MiB - 166424 sectors (RO), sector size=512
Disk /dev/loop13 - 96 MB / 91 MiB - 187776 sectors (RO), sector size=512
Disk /dev/loop14 - 48 MB / 45 MiB - 93920 sectors (RO), sector size=512
Disk /dev/loop15 - 48 MB / 45 MiB - 94064 sectors (RO), sector size=512
Disk /dev/loop16 - 52 MB / 49 MiB - 101624 sectors (RO), sector size=512
Disk /dev/loop18 - 311 KB / 304 KiB - 608 sectors (RO), sector size=512
Disk /dev/loop19 - 336 MB / 320 MiB - 656256 sectors (RO), sector size=512
Disk /dev/loop2 - 248 MB / 236 MiB - 484392 sectors (RO), sector size=512
Disk /dev/loop20 - 254 MB / 243 MiB - 497824 sectors (RO), sector size=512
Disk /dev/loop21 - 58 MB / 55 MiB - 113896 sectors (RO), sector size=512
Disk /dev/loop22 - 311 KB / 304 KiB - 608 sectors (RO), sector size=512
Disk /dev/loop3 - 122 MB / 116 MiB - 238984 sectors (RO), sector size=512
Disk /dev/loop4 - 58 MB / 55 MiB - 113832 sectors (RO), sector size=512
Disk /dev/loop5 - 66 MB / 63 MiB - 129520 sectors (RO), sector size=512
Disk /dev/loop6 - 66 MB / 63 MiB - 129496 sectors (RO), sector size=512
Disk /dev/loop7 - 249 MB / 237 MiB - 486424 sectors (RO), sector size=512
Disk /dev/loop8 - 250 MB / 238 MiB - 489224 sectors (RO), sector size=512
Disk /dev/loop9 - 229 MB / 219 MiB - 448512 sectors (RO), sector size=512

Partition table type (auto): EFI GPT
Disk /dev/sda - 480 GB / 447 GiB - CT480BX500SSD1
Partition table type: Intel

Analyse Disk /dev/sda - 480 GB / 447 GiB - CHS 58369 255 63
Geometry from i386 MBR: head=256 sector=63
check_part_i386 1 type EE: no test
Current partition structure:
 1 P EFI GPT                  0   0  2 58369  80 63  937703087

Warning: Bad ending head (CHS and LBA don't match)
No partition is bootable

search_part()
Disk /dev/sda - 480 GB / 447 GiB - CHS 58369 255 63
FAT32 at 0/65/2
FAT1 : 32-1055
FAT2 : 1056-2079
start_rootdir : 2080 root cluster : 2
Data : 2080-1050583
sectors : 1050588
cluster_size : 8
no_of_cluster : 131063 (2 - 131064)
fat_length 1024 calculated 1024
set_FAT_info: name from BS used

FAT32 at 0/65/2
FAT: cluster=2(0x2), pos=6176
     FAT32                    0  65  2    65 166  1    1050588 [EFI System Partition] [NO NAME]
     FAT32, blocksize=4096, 537 MB / 512 MiB

recover_EXT2: s_block_group_nr=0/3573, s_mnt_count=7/4294967295, s_blocks_per_group=32768, s_inodes_per_group=8192
recover_EXT2: s_blocksize=4096
recover_EXT2: s_blocks_count 117080832
recover_EXT2: part_size 936646656
Filesystem created: Thu Nov 24 15:08:28 2022
Last mount time:    Wed Dec 14 20:20:52 2022
     Linux                   65 166 38 58369  53 52  936646656
     ext4 blocksize=4096 Large_file Sparse_SB Recover, 479 GB / 446 GiB

Results
   * FAT32                    0  65  2    65 166 37    1050624 [EFI System Partition] [NO NAME]
     FAT32, blocksize=4096, 537 MB / 513 MiB
   P Linux                   65 166 38 58369  53 52  936646656
     ext4 blocksize=4096 Large_file Sparse_SB Recover, 479 GB / 446 GiB

Hint for advanced users: dmsetup may be used if you prefer to avoid rewriting the partition table for the moment:
echo "0 1050624 linear /dev/sda 4096" | dmsetup create test0
echo "0 936646656 linear /dev/sda 1054720" | dmsetup create test1

interface_write()
 1 * FAT32                    0  65  2    65 166 37    1050624 [EFI System Partition] [NO NAME]
 2 P Linux                   65 166 38 58369  53 52  936646656

search_part()
Disk /dev/sda - 480 GB / 447 GiB - CHS 58369 255 63
FAT32 at 0/65/2
FAT1 : 32-1055
FAT2 : 1056-2079
start_rootdir : 2080 root cluster : 2
Data : 2080-1050583
sectors : 1050588
cluster_size : 8
no_of_cluster : 131063 (2 - 131064)
fat_length 1024 calculated 1024
set_FAT_info: name from BS used

FAT32 at 0/65/2
FAT: cluster=2(0x2), pos=6176
     FAT32                    0  65  2    65 166  1    1050588 [EFI System Partition] [NO NAME]
     FAT32, blocksize=4096, 537 MB / 512 MiB
FAT32 at 0/65/8
FAT1 : 32-1055
FAT2 : 1056-2079
start_rootdir : 2080 root cluster : 2
Data : 2080-1050583
sectors : 1050588
cluster_size : 8
no_of_cluster : 131063 (2 - 131064)
fat_length 1024 calculated 1024
set_FAT_info: name from BS used

FAT32 at 0/65/8
FAT: cluster=2(0x2), pos=6176
     FAT32                    0  65  2    65 166  1    1050588 [EFI System Partition] [NO NAME]
     FAT32, blocksize=4096, 537 MB / 512 MiB

recover_EXT2: s_block_group_nr=0/3573, s_mnt_count=7/4294967295, s_blocks_per_group=32768, s_inodes_per_group=8192
recover_EXT2: s_blocksize=4096
recover_EXT2: s_blocks_count 117080832
recover_EXT2: part_size 936646656
Filesystem created: Thu Nov 24 15:08:28 2022
Last mount time:    Wed Dec 14 20:20:52 2022
     Linux                   65 166 38 58369  53 52  936646656
     ext4 blocksize=4096 Large_file Sparse_SB Recover, 479 GB / 446 GiB

block_group_nr 1

recover_EXT2: "e2fsck -b 32768 -B 4096 device" may be needed
recover_EXT2: s_block_group_nr=1/3573, s_mnt_count=0/4294967295, s_blocks_per_group=32768, s_inodes_per_group=8192
recover_EXT2: s_blocksize=4096
recover_EXT2: s_blocks_count 117080832
recover_EXT2: part_size 936646656
Filesystem created: Thu Nov 24 15:08:28 2022
     Linux                   65 166 38 58369  53 52  936646656
     ext4 blocksize=4096 Large_file Sparse_SB Backup_SB, 479 GB / 446 GiB
     Linux Swap              82 252 43   344  18 42    4194288
     SWAP2 version 1, pagesize=4096, 2147 MB / 2047 MiB

block_group_nr 3

recover_EXT2: "e2fsck -b 98304 -B 4096 device" may be needed
recover_EXT2: s_block_group_nr=3/3573, s_mnt_count=0/4294967295, s_blocks_per_group=32768, s_inodes_per_group=8192
recover_EXT2: s_blocksize=4096
recover_EXT2: s_blocks_count 117080832
recover_EXT2: part_size 936646656
Filesystem created: Thu Nov 24 15:08:28 2022
     Linux                   65 166 38 58369  53 52  936646656
     ext4 blocksize=4096 Large_file Sparse_SB Backup_SB, 479 GB / 446 GiB

block_group_nr 5

recover_EXT2: "e2fsck -b 163840 -B 4096 device" may be needed
recover_EXT2: s_block_group_nr=5/3573, s_mnt_count=0/4294967295, s_blocks_per_group=32768, s_inodes_per_group=8192
recover_EXT2: s_blocksize=4096
recover_EXT2: s_blocks_count 117080832
recover_EXT2: part_size 936646656
Filesystem created: Thu Nov 24 15:08:28 2022
     Linux                   65 166 38 58369  53 52  936646656
     ext4 blocksize=4096 Large_file Sparse_SB Backup_SB, 479 GB / 446 GiB

block_group_nr 7

recover_EXT2: "e2fsck -b 229376 -B 4096 device" may be needed
recover_EXT2: s_block_group_nr=7/3573, s_mnt_count=0/4294967295, s_blocks_per_group=32768, s_inodes_per_group=8192
recover_EXT2: s_blocksize=4096
recover_EXT2: s_blocks_count 117080832
recover_EXT2: part_size 936646656
Filesystem created: Thu Nov 24 15:08:28 2022
     Linux                   65 166 38 58369  53 52  936646656
     ext4 blocksize=4096 Large_file Sparse_SB Backup_SB, 479 GB / 446 GiB

block_group_nr 9

recover_EXT2: "e2fsck -b 294912 -B 4096 device" may be needed
recover_EXT2: s_block_group_nr=9/3573, s_mnt_count=0/4294967295, s_blocks_per_group=32768, s_inodes_per_group=8192
recover_EXT2: s_blocksize=4096
recover_EXT2: s_blocks_count 117080832
recover_EXT2: part_size 936646656
Filesystem created: Thu Nov 24 15:08:28 2022
     Linux                   65 166 38 58369  53 52  936646656
     ext4 blocksize=4096 Large_file Sparse_SB Backup_SB, 479 GB / 446 GiB
Search for partition aborted

Results
   * FAT32                    0  65  2    65 166 37    1050624 [EFI System Partition] [NO NAME]
     FAT32, blocksize=4096, 537 MB / 513 MiB
     Linux                   65 166 38 58369  53 52  936646656
     ext4 blocksize=4096 Large_file Sparse_SB Recover, 479 GB / 446 GiB
     Linux Swap              82 252 43   344  18 58    4194304
     SWAP2 version 1, pagesize=4096, 2147 MB / 2048 MiB

Hint for advanced users: dmsetup may be used if you prefer to avoid rewriting the partition table for the moment:
echo "0 1050624 linear /dev/sda 4096" | dmsetup create test0
echo "0 936646656 linear /dev/sda 1054720" | dmsetup create test1
echo "0 4194304 linear /dev/sda 1333248" | dmsetup create test2
SIGHUP detected! TestDisk has been killed.
